00000000 a __end__
00000000 A __sync_synchronize
01ff8000 t __itcm_start
01ff8038 00000018 T __excpt_vectors
01ff8050 0000007c T threadSwitchTo
01ff80cc 000000d4 T threadBlock
01ff81a0 000000d4 T threadUnblockOneByValue
01ff8274 00000138 T threadUnblockAllByValue
01ff83ac 000000f0 T threadUnblockAllByMask
01ff849c 0000004c T armCopyMem32
01ff84e8 0000002c T armContextSave
01ff8514 00000020 T armContextLoad
01ff8518 T armContextLoadFromSvc
01ff8534 00000008 T armWaitForIrq
01ff853c 0000000c T armDrainWriteBuffer
01ff8548 00000028 T armDCacheFlushAll
01ff8570 0000001c T armDCacheFlush
01ff858c 0000001c T armDCacheInvalidate
01ff85a8 0000000c T armICacheInvalidateAll
01ff85b4 00000004 t __arm_excpt_rst
01ff85b8 00000004 t __arm_excpt_pabt
01ff85bc 0000000c t __arm_excpt_und
01ff85c8 0000000c t __arm_excpt_dabt
01ff85d4 00000030 t __excpt_entry
01ff8604 000000e4 t __arm_excpt_irq
01ff86e8 t __itcm_end
02001000 t __crt0_start
02001000 00000060 t __ds9_bootstub_trampoline
02001060 00000074 T crt0ProcessLoadList
020010d4 00000180 T crt0Startup
02001254 0000004c T crt0CopyMem32
020012a0 00000058 T crt0FillMem32
020012f8 000000b4 T crt0SetupMPU
020013c0 t __crt0_end
020013c0 t __main_start
020013c0 T _init
020013d8 00000030 T exit
02001408 0000006c T main
02001474 t __do_global_dtors_aux
020014c8 t frame_dummy
020014f8 00000010 T pv_read16
02001508 00000020 T pv_read32
02001528 00000058 T pv_crc16_ccitt
02001580 0000005c T pv_checksum32
020015dc 000001bc T pv_decrypt45
02001798 00000180 T pv_decrypt3
02001918 00000024 T pv_is_shiny
0200193c 00000864 T pv_level_from_exp
020021a0 00000028 t rescan
020021c8 0000001c T move_name
020021e4 000000dc t add_mon
020022c0 000000a4 t gen4_is
02002364 000000fc t gen5_base
02002460 000000b4 t begin_save
02002514 00000104 t gen3_slot_score
02002618 00000080 t cmp_species
02002698 0000009c t cmp_file
02002734 000001a8 t consider3
020028dc 00000198 t consider45
02002a74 00000108 t read_gen5.constprop.0
02002b7c 00000108 t active_half
02002c84 00000168 t read_gen4.constprop.0
02002dec 0000001c T dex_clear
02002e08 00000034 T dex_sort
02002e3c 000006f8 T save_read
02003534 00000094 t is_sav
020035c8 00000388 t walk.part.0.constprop.0
02003950 00000124 T scan_saves
02003a74 0000003c T species_name
02003ab0 00000020 T species_growth
02003ad0 00000074 t place
02003b44 00000060 T sprites_init
02003ba4 00000020 T sprites_flush
02003bc4 0000002c T sprites_hide
02003bf0 00000348 T sprites_show
02003f38 00000094 t clamp_view
02003fcc 000004bc t draw
02004488 0000005c T ui_status
020044e4 00000244 T ui_run
02004728 000000e8 T ui_init
02004810 00000064 T ui_fail
02004874 00000020 T fatInitDefault
02004894 00000004 t _dvmDiscCalicoDummy
02004898 00000008 t _dvmDiscCalicoWriteSectors
020048a0 00000008 t _dvmDiscCalicoReadSectors
020048a8 00000030 T _dvmIsAlignedAccess
020048d8 00000014 T _dvmCacheCopy
020048ec 00000268 T dvmInit
02004998 a __crt0_lma
02004b54 00000008 t _nitroFS_close_r
02004b5c 00000098 t _nitroFS_read_r
02004bf4 000000b4 t _nitroFS_seek_r
02004ca8 00000020 t _nitroFS_dirreset_r
02004cc8 000000c4 t _nitroFS_diropen_r
02004d58 a __dldi_lma
02004d8c 00000008 t _nitroFS_dirclose_r
02004d94 0000007c t _nitroFS_chdir_r
02004e10 00000090 t _nitroFS_open_r
02004ea0 00000080 t _nitroFS_fstat_r
02004f20 000000e0 t _nitroFS_stat_r
02005000 000001f4 t _nitroFS_dirnext_r
020051f4 00000090 T nitroFSInit
02005284 00000010 T dvmDiscAddUser
02005294 00000024 T dvmDiscRemoveUser
020052b8 00000408 t _dvmDiscCacheReadWrite
020056c0 00000058 t _dvmDiscCacheWriteSectors
02005718 00000058 t _dvmDiscCacheReadSectors
02005770 000000b0 t _dvmDiscCacheFlush
02005820 00000028 t _dvmDiscCacheDestroy
02005848 000001ac T dvmDiscCacheCreate
020059f4 00000188 T dvmMountVolume
02005b7c 00000074 T _dvmSetAppWorkingDir
02005bf0 000001d8 t _dvmIdentMbrVbr
02005dc8 00000238 T dvmReadPartitionTable
02006000 000000cc T dvmProbeMountDisc
020060cc 000000bc t _FAT_fstat_r
02006188 0000001c t _FAT_umount
020061a4 00000044 t _FAT_mount
020061e8 0000013c t _FAT_seek_r
02006324 00000104 t _FAT_set_stat
02006428 00000064 t _FAT_mkdir_r
0200648c 00000064 t _FAT_chdir_r
020064f0 00000070 t _FAT_unlink_r
02006560 0000006c t _FAT_rmdir_r
020065cc 0000007c t _FAT_diropen_r
02006648 00000064 t _FAT_fsync_r
020066ac 00000064 t _FAT_close_r
02006710 00000064 t _FAT_dirclose_r
02006774 0000006c t _FAT_dirreset_r
020067e0 00000080 t _FAT_rename_r
02006860 00000094 t _FAT_stat_r
020068f4 0000007c t _FAT_read_r
02006970 0000007c t _FAT_write_r
020069ec 000000f4 t _FAT_statvfs_r
02006ae0 00000190 t _FAT_ftruncate_r
02006c70 00000120 t _FAT_dirnext_r
02006d90 00000124 t _FAT_open_r
02006eb4 00000064 T get_fattime
02006f18 00000018 T ff_mutex_create
02006f30 00000004 T ff_mutex_delete
02006f34 00000014 T ff_mutex_take
02006f48 00000008 T ff_mutex_give
02006f50 00000024 T disk_initialize
02006f74 00000024 T disk_status
02006f98 0000002c T disk_read
02006fc4 0000002c T disk_write
02006ff0 00000038 T disk_ioctl
02007028 000000fc t tchar2uni
02007124 00000090 t sync_window
020071b4 00000130 t put_utf
020072e4 0000009c t dir_clear
02007380 0000028c t get_fileinfo
0200760c 00000180 t sync_fs
0200778c 000000c4 t move_window
02007850 000001dc t put_fat.part.0
02007a2c 00000160 t get_fat.isra.0
02007b8c 000000f4 t remove_chain
02007c80 0000021c t create_chain
02007e9c 00000170 t dir_next
0200800c 00000248 t dir_read
02008254 00000128 t dir_sdi
0200837c 000000cc t dir_alloc
02008448 000000c4 t dir_remove
0200850c 000002f8 t dir_find
02008804 00000590 t follow_path
02008d58 a __itcm_lma
02008d58 a __loadlist_lma
02008d94 00000434 t dir_register
020091c8 000001ec t check_fs
020093b4 00000504 t mount_volume.part.0
020098b8 000000bc t validate
02009974 0000006c T f_mount
020099e0 00000038 T f_umount
02009a18 00000400 T f_open
02009e18 000002a4 T f_read
0200a0bc 00000350 T f_write
0200a40c 000001a0 T f_sync
0200a5ac 00000058 T f_close
0200a604 000000f0 T f_chdir
0200a6f4 00000298 T f_lseek
0200a98c 0000012c T f_opendir
0200aab8 000000b0 T f_closedir
0200ab68 000000d0 T f_readdir
0200ac38 00000104 T f_stat
0200ad3c 00000184 T f_getfree
0200aec0 00000228 T f_truncate
0200b0e8 000001a4 T f_unlink
0200b28c 00000294 T f_mkdir
0200b520 00000248 T f_rename
0200b768 00000078 T ff_uni2oem
0200b7e0 00000040 T ff_oem2uni
0200b820 00000128 T ff_wtoupper
0200b948 000000e8 t newRow
0200ba30 00000010 T consoleSelect
0200ba40 000000e0 T consolePrintChar
0200bb20 0000034c T con_write
0200be6c 000002e4 T consoleLoadFont
0200c150 00000170 T consoleInit
0200c2c0 00000010 T consoleClear
0200c2d0 0000006c T scanKeys
0200c33c 00000010 T keysDown
0200c34c 00000010 T keysDownRepeat
0200c35c 00000024 T keysSetRepeat
0200c380 0000001a T oamAllocReset
0200c39c 00000578 T oamAllocateGfx
0200c914 00000124 T oamInit
0200ca38 00000034 T oamGetGfxPtr
0200ca6c 00000034 T oamGfxPtrToOffset
0200caa0 000000fe T oamSet
0200cba0 0000006c T oamUpdate
0200cc0c 0000004c T sinLutLookup
0200cc58 00000038 T sinLerp
0200cc90 00000044 T cosLerp
0200ccd4 0000006c T checkIfText
0200cd40 000000e8 T bgUpdate
0200ce28 000000a8 T bgInit_call
0200ced0 000000b0 T bgInitSub_call
0200cf80 00000010 t _threadTickTask
0200cf90 000000a0 T threadExit
0200d030 00000098 T _threadInit
0200d0c8 00000134 T threadPrepare
0200d1fc 00000094 T threadStart
0200d290 000000a4 T threadIrqWait
0200d334 00000058 T threadSleepTicks
0200d38c 000001d4 T threadUpdateDynamicPrio
0200d560 00000148 t threadRemoveWaiter
0200d6a8 00000138 T mutexLock
0200d7e0 000000bc T mutexUnlock
0200d89c 00000014 T __syscall_getreent
0200d8b0 00000024 T __errno
0200d8d4 00000030 T __syscall_gettod_r
0200d904 00000004 T __syscall_lock_acquire
0200d908 00000004 T __syscall_lock_release
0200d90c 0000004c T __syscall_lock_acquire_recursive
0200d958 00000018 T __syscall_lock_release_recursive
0200d970 00000004 t _pxiMailboxHandler
0200d974 00000004 W _pxiRecvUnhandled
0200d978 00000154 t _pxiRecvIrqHandler
0200dacc 00000058 T _pxiInit
0200db24 00000074 T pxiSetHandler
0200db98 00000068 T pxiSetMailbox
0200dc00 00000038 T pxiWaitRemote
0200dc38 00000050 T pxiSendPacket
0200dc88 00000098 T pxiSendExtPacket
0200dd20 0000002c T pxiBeginReceive
0200dd4c 000000ac T pxiEndReceive
0200ddf8 00000028 T keypadGetState
0200de20 000001d8 T nitroromOpen
0200dff8 000000e0 T nitroromReadIter
0200e0d8 00000180 T nitroromResolvePath
0200e258 00000004 W systemUserStartup
0200e25c 00000110 W systemStartup
0200e36c 00000058 T touchRead
0200e3c4 00000044 t _blkDevReadWriteSectors
0200e408 00000008 T blkInit
0200e410 00000030 T blkDevIsPresent
0200e440 00000030 T blkDevInit
0200e470 00000034 T blkDevGetSectorCount
0200e4a4 0000005c T blkDevReadSectors
0200e500 0000005c T blkDevWriteSectors
0200e55c 00000008 t _nitroromFdClose
0200e564 00000094 t _nitroromFdRead
0200e5f8 00000100 T nitroromGetSelf
0200e6f8 00000064 T irqSet
0200e75c 0000001c t _tickCountIsr
0200e778 00000084 t _tickTaskSchedule.part.0.isra.0
0200e7fc 000000a0 T tickInit
0200e89c 0000005c T tickGetCount
0200e8f8 00000110 t _tickTaskIsr
0200ea08 00000144 T tickTaskStart
0200eb4c 00000098 T mailboxTrySend
0200ebe4 00000098 T mailboxRecv
0200ec7c 00000040 t _pmCallEventHandlers
0200ecbc 0000009c t _pmPxiThreadMain
0200ed58 00000028 t _pmResetPxiHandler
0200ed80 00000004 W systemUserExit
0200ed84 00000004 W systemErrorExit
0200ed88 00000138 T __syscall_exit
0200eec0 00000058 T pmInit
0200ef18 00000138 t _ntrcardRomReadSector
0200f050 000000d8 T ntrcardOpen
0200f128 00000060 T ntrcardClose
0200f188 000001e8 T ntrcardRomRead
0200f370 t .udivsi3_skip_div0_test
0200f370 T __aeabi_uidiv
0200f370 000000f4 T __udivsi3
0200f464 00000020 T __aeabi_uidivmod
0200f484 T __aeabi_idiv
0200f484 00000128 T __divsi3
0200f48c t .divsi3_skip_div0_test
0200f5ac 00000020 T __aeabi_idivmod
0200f5cc 00000004 W __aeabi_idiv0
0200f5cc 00000004 W __aeabi_ldiv0
0200f5d0 T __aeabi_ldivmod
0200f6a4 T __aeabi_uldivmod
0200f6e0 00000140 T __udivmoddi4
0200f820 00000028 T __clzdi2
0200f848 00000048 T __clzsi2
0200f890 00000124 T memcpy
0200f9b4 00000090 T strlen
0200fa44 00000338 T _fread_r
0200fd7c 0000003c T fread
0200fdb8 00000040 T open
0200fdf8 0000014c T _fopen_r
0200ff44 00000028 T fopen
0200ff6c 00000024 T close
0200ff90 000000a0 T snprintf
02010030 00000034 T printf
02010064 0000009c T strncasecmp
02010100 00000144 T strchr
02010244 000000e0 T memcmp
02010324 0000002c T calloc
02010350 0000002c T aligned_alloc
0201037c 00000344 t validate_structure
020106c0 000004dc T mktime
02010b9c 00000188 T _memalign_r
02010d24 00000168 T __smakebuf_r
02010e8c 00000084 T __swhatbuf_r
02010f10 0000003c T lseek
02010f4c 000000f4 T memset
02011040 000000e4 T _calloc_r
02011124 0000002c T realloc
02011150 00000370 T localtime_r
020114c0 0000094c T qsort
02011e0c 0000025c T __tzcalc_limits
02012068 00000804 T _malloc_r
0201286c 00000224 T strcmp
02012a90 0000011c T _malloc_trim_r
02012bac 000002fc T _free_r
02012ea8 0000029c T setvbuf
02013144 00000028 t stdio_exit_handler
0201316c 00000054 t cleanup_stdio
020131c0 00000158 t global_stdio_init.part.0
02013318 0000013c T __sfp
02013454 00000064 T __sinit
020134b8 00000018 T __sfp_lock_acquire
020134d0 00000018 T __sfp_lock_release
020134e8 00000090 T __libc_init_array
02013578 00000020 T _fseek_r
02013598 00000038 T fseek
020135d0 00000014 T _tzset_unlocked
020135e4 00000048 T malloc
0201362c 00000024 T free
02013650 00000078 T siscanf
020136c8 00000058 T strrchr
02013720 000000e4 T _puts_r
02013804 00000020 T puts
02013824 0000000c T __gettzinfo
02013830 0000004c T __sread
0201387c 00000008 T __seofread
02013884 0000006c T __swrite
020138f0 00000048 T __sseek
02013938 00000014 T __sclose
0201394c 0000051c T _realloc_r
02013e68 00000034 T iprintf
02013e9c 00000018 T __malloc_lock
02013eb4 00000018 T __malloc_unlock
02013ecc 00000598 T _fseeko_r
02014464 00000150 T _fclose_r
020145b4 00000020 T fclose
020145d4 0000004c T time
02014620 00000034 T read
02014654 00000010 W __call_exitprocs
02014664 000005fc t get_arg
02014c60 000035f8 T _svfprintf_r
02018258 000000c0 T __sflags
02018318 0000002c T stat
02018344 00000044 T __libc_fini_array
02018388 0000003c T strnlen
020183c4 00000260 T gmtime_r
02018624 000005fc t get_arg
02018c20 00002344 T _vfiprintf_r
0201af64 000000b8 t __sbprintf
0201b01c 00000674 T _tzset_unlocked_r
0201b690 0000003c t lflush
0201b6cc 000001ac T __srefill_r
0201b878 000000a4 T frexp
0201b91c 00000078 T _fwalk_sglue
0201b994 000005fc t get_arg
0201bf90 000037ac T _vfprintf_r
0201f73c 000000b8 t __sbprintf
0201f7f4 00000028 T div
0201f81c 000000ac T _wcrtomb_r
0201f8c8 000001f0 t _strtoul_l.isra.0
0201fab8 00000038 T _strtoul_r
0201faf0 0000003c T strtoul
0201fb2c 000000a8 T __ssprint_r
0201fbd4 000004b4 T __sfvwrite_r
02020088 00000018 T __tz_lock
020200a0 00000018 T __tz_unlock
020200b8 000000f0 T strcpy
020201a8 00000028 T __locale_mb_cur_max
020201d0 00000248 T __sflush_r
02020418 000000cc T _fflush_r
020204e4 00000034 T __sprint_r
02020518 000001dc t quorem
020206f8 000018a0 T _dtoa_r
02021f98 00000054 t get_arg
02021fec 000000e8 T _sungetc_r
020220d4 00000068 T __ssrefill_r
0202213c 000000b8 T _sfread_r
020221f4 000022d4 T __ssvfiscanf_r
020244c8 00000388 t _strtol_l.part.0
02024850 00000070 T _strtol_r
020248c0 000000dc T strncpy
0202499c 000000f4 T memchr
02024a90 0000002c T _wcsrtombs_r
02024abc 00000148 T __swsetup_r
02024c04 000000e4 T _findenv_r
02024ce8 0000001c T _getenv_r
02024d04 00000028 T _localeconv_r
02024d2c 000001b4 T memmove
02024ee0 00000130 T __ssputs_r
02025010 000000f8 T __utf8_wctomb
02025108 000000e0 T strncmp
020251e8 0000016c T _wcsnrtombs_l
02025354 00000068 T _wcsnrtombs_r
020253bc 00000018 T __env_lock
020253d4 00000018 T __env_unlock
020253ec 00000058 T __assert_func
02025444 00000014 T iswspace
02025458 0000008c T _Balloc
020254e4 0000001c T _Bfree
02025500 00000100 T __multadd
02025600 00000080 T __hi0bits
02025680 000000f4 T __lo0bits
02025774 000000ac T __i2b
02025820 00000240 T __multiply
02025a60 00000134 T __pow5mult
02025b94 0000013c T __lshift
02025cd0 00000054 T __mcmp
02025d24 00000218 T __mdiff
02025f3c 00000124 T __d2b
02026060 00000268 t _strtoull_l.isra.0
020262c8 00000038 T _strtoull_r
02026300 000000bc T __submore
020263bc 00000344 T __utf8_mbtowc
02026700 0000003c T fiprintf
0202673c 000000d0 T _mbrtowc_r
0202680c 000000e8 T __sccl
020268f4 00000014 T abort
02026908 0000049c t _strtoll_l.isra.0
02026da4 00000038 T _strtoll_r
02026ddc 00000040 T iswspace_l
02026e1c 000000a8 T _raise_r
02026ec4 00000020 T raise
02026ee4 00000098 T category
02026f7c 00000020 T _exit
02026f9c 00000148 T chdir
020270e4 000001d0 T _concatenate_path
020272b4 00000074 t __dirnext
02027328 0000011c T opendir
02027444 000000a0 T closedir
020274e4 00000108 T readdir_r
020275ec 0000004c T readdir
02027638 000000a0 T _fstat_r
020276d8 00000014 T _getpid_r
020276ec 00000030 T __getreent
0202771c 00000034 T _gettimeofday_r
02027750 000000a4 T __release_handle
020277f4 000000b4 T __alloc_handle
020278a8 0000005c T __get_handle
02027904 00000118 T _close_r
02027a1c 00000008 t null_write
02027a24 00000018 T setDefaultDevice
02027a3c 000000a4 T FindDevice
02027ae0 00000090 T AddDevice
02027b70 00000024 T GetDeviceOpTab
02027b94 00000008 T _isatty_r
02027b9c 00000014 T _kill_r
02027bb0 00000098 T _lseek_r
02027c48 000000c8 T _open_r
02027d10 00000098 T _read_r
02027da8 00000078 W _sbrk_r
02027e20 00000088 T _stat_r
02027ea8 00000020 T __libc_lock_acquire
02027ec8 00000020 T __libc_lock_release
02027ee8 00000020 T __libc_lock_acquire_recursive
02027f08 00000020 T __libc_lock_release_recursive
02027f28 00000098 T _write_r
02027fc0 T __aeabi_drsub
02027fc8 00000314 T __aeabi_dsub
02027fc8 00000314 T __subdf3
02027fcc 00000310 T __adddf3
02027fcc 00000310 T __aeabi_dadd
020282dc 00000024 T __aeabi_ui2d
020282dc 00000024 T __floatunsidf
02028300 00000028 T __aeabi_i2d
02028300 00000028 T __floatsidf
02028328 00000048 T __aeabi_f2d
02028328 00000048 T __extendsfdf2
02028370 00000074 T __aeabi_ul2d
02028370 00000074 T __floatundidf
02028384 00000060 T __aeabi_l2d
02028384 00000060 T __floatdidf
020283e4 00000290 T __aeabi_dmul
020283e4 00000290 T __muldf3
02028674 0000020c T __aeabi_ddiv
02028674 0000020c T __divdf3
02028880 00000098 T __gedf2
02028880 00000098 T __gtdf2
02028888 00000090 T __ledf2
02028888 00000090 T __ltdf2
02028890 00000088 T __cmpdf2
02028890 00000088 T __eqdf2
02028890 00000088 T __nedf2
02028918 00000034 T __aeabi_cdrcmple
02028934 00000018 T __aeabi_cdcmpeq
02028934 00000018 T __aeabi_cdcmple
0202894c 00000018 T __aeabi_dcmpeq
02028964 00000018 T __aeabi_dcmplt
0202897c 00000018 T __aeabi_dcmple
02028994 00000018 T __aeabi_dcmpge
020289ac 00000018 T __aeabi_dcmpgt
020289c4 00000038 T __aeabi_dcmpun
020289c4 00000038 T __unorddf2
020289fc 0000005c T __aeabi_d2iz
020289fc 0000005c T __fixdfsi
02028a58 T _fini
02028a70 00000008 t __oamUpdate_from_arm
02028a84 00000080 t block_order
0202c2b8 000008c0 t names
0202cb78 00000018 t skip.0
0202cb90 0000028a t growth
0202ce1c 00000a28 t names
0202d844 00000010 t s_dvmDiscCalicoIface
0202d854 00000010 t s_dvmDiscCacheIface
0202d864 00000014 t fr_to_errno.0
0202d878 00000014 T g_vfatFsDriver
0202d88c 00000080 t _FAT_devoptab
0202d90c 00000080 t ExCvt
0202d98c 0000000d t LfnOfs
0202d9a4 000000bc t cvt2.0
0202da60 000001f2 t cvt1.1
0202dc58 00000100 t uc437
0202de2c 00000080 t dotab_stdout
0202deac 00000102 T SIN_LUT
0202dfb0 T default_font_bin
0202e7b0 T default_font_bin_end
0202e7b0 00000008 t s_nitroromCardIface
0202e7b8 00000008 t s_nitroromFdIface
0202e7c0 00000030 t _DAYS_BEFORE_MONTH
0202e7f0 00000030 t DAYS_IN_MONTH
0202e948 00000010 t zeroes.0
0202e958 00000010 t blanks.1
0202ea54 00000010 t zeroes.0
0202ea64 00000010 t blanks.1
0202ea74 00000101 T _ctype_
0202eb78 00000060 T __month_lengths
0202ecc4 00000010 t zeroes.0
0202ecd4 00000010 t blanks.1
0202ece4 0000006c T __action_table
0202ed50 0000006c T __state_table
0202edbc 00000100 T __chclass
0202ef44 00000022 t basefix.0
0202ef68 0000000c t p05.0
0202ef78 00000028 T __mprec_bigtens
0202efa0 000000c8 T __mprec_tens
0202f068 000037f8 t categories
02032860 00000080 T dotab_stdnull
020328e0 00000004 d shown
020328e4 00000004 d by_species
020328e8 00000010 d s_dvmDiscNand
020328f8 00000010 d s_dvmDiscSd
02032908 00000010 d s_dvmDiscDldi
02032918 00000004 V g_dvmDefaultSectorsPerPage
0203291c 00000004 V g_dvmDefaultCachePages
02032920 00000080 d _nitroFS_devoptab
020329a0 00000020 d s_dvmFsDrvTable
020329c0 00000001 d firstConsoleInit.0
020329c4 00000004 D currentConsole
020329c8 0000005c D defaultConsole
02032a24 00000001 d count
02032a25 00000001 d repeat
02032a26 00000001 d delay
02032a28 00000018 D oamSub
02032a40 00000018 D oamMain
02032a58 00000020 D bgTransform
02032a78 00000020 D bgScrollTable
02032a98 00000020 D bgControl
02032ab8 00000001 V g_nitroromCardDmaChannel
02032abc 00000004 D __malloc_sbrk_base
02032ac0 00000004 D __malloc_trim_threshold
02032ac8 00000408 D __malloc_av_
02032ed0 0000000c D __sglue
02032ee0 00000058 d tzinfo
02032f38 00000004 D _impure_ptr
02032f40 00000200 D _impure_data
02033140 00000008 D _tzname
02033148 00000254 D __global_locale
0203339c 00000004 D environ
020333a0 00000400 d _current_working_directory
020337a0 00001000 d handles
020347a0 0000000c d __stderr_handle
020347ac 0000000c d __stdout_handle
020347b8 0000000c d __stdin_handle
020347c4 0000008c D devoptab_list
02034850 00000004 d defaultDevice
02034854 r __EH_FRAME_BEGIN__
02034854 r __FRAME_END__
02034858 r __tls_info
02034864 d __frame_dummy_init_array_entry
02034864 d __init_array_start
02034864 d __preinit_array_end
02034864 d __preinit_array_start
02034868 d __do_global_dtors_aux_fini_array_entry
02034868 d __fini_array_start
02034868 d __init_array_end
0203486c d __fini_array_end
0203486c d __main_end
02034870 ? __tls_end
02034870 ? __tls_start
02034880 b completed.1
02034884 b object.0
0203489c 000447f0 b dex
0203c8ec a __loadlist_start
0203c91c a __loadlist_end
0207908c 00008b80 b g3_storage
02081c0c 00003e00 b g3_large
02085a10 00000f80 b g3_small
020869a0 00001200 b image
02087ba0 0000028a b flags
02087e2c 00000004 b data_off
02087e30 00000004 b failed
02087e34 00000004 b ready
02087e38 00000004 b bank
02087e3c 00000004 b gfx
02087e40 00000004 b scroll
02087e44 00000004 b cursor
02087e48 0000005c b bottom_console
02087ea4 0000005c b top_console
02087f00 00000004 V g_dvmCalicoNandMount
02087f04 00000002 b _nitroFS_cwd
02087f06 00000002 b Fsid
02087f08 0000005c B currentCopy
02087f64 00000002 b keysrepeat
02087f68 00000004 b s_keypad
02087f6c 00000400 B OamMemory
0208836c 00000400 B OamMemorySub
0208876c 00000008 B bgIsTextLut
02088774 00000140 B bgState
020888b4 00000008 b s_sleepThreads
020888bc 00000008 b s_joinThreads
020888c4 00000070 b s_idleThread
02088934 00000070 b s_mainThread
020889a4 00000004 b s_defaultErrno.0
020889a8 00000004 V __stacksize__
020889ac 00000001 B g_isTwlMode
020889b0 000001f0 b s_pxiChannels
02088ba0 00000004 b s_pxiRecvState
02088ba4 00000008 b s_pxiRecvQueue
02088bac 00000004 b s_pxiSendMutex
02088bb0 0000000c b s_nitroromFd
02088bbc 0000001c b s_nitroromSelf
02088bd8 00000004 b s_firstTask
02088be0 00000008 b s_highTickCount
02088be8 00000001 b s_tickInit
02088bec 00000008 b s_mailboxRecvQueue
02088bf8 00000200 b s_pmPxiThreadStack
02088df8 00000070 b s_pmPxiThread
02088e68 00000008 b s_pmState
02088e80 00000200 B s_ntrcardCache
02089080 00000010 b s_ntrcardState
02089090 00000028 B __malloc_current_mallinfo
020890b8 00000004 B __malloc_max_total_mem
020890bc 00000004 B __malloc_max_sbrked_mem
020890c0 00000004 B __malloc_top_pad
020890c4 0000000c b __sfp_recursive_mutex
020890d0 00000168 B __sf
02089238 00000004 B __stdio_exit_handler
0208923c 0000000c b __malloc_recursive_mutex
02089248 00000004 b prev_tzenv
0208924c 0000000c b __tzname_dst
02089258 0000000c b __tzname_std
02089264 00000004 B _timezone
02089268 00000004 B _daylight
0208926c 00000004 b __tz_mutex
02089270 0000000c b __env_recursive_mutex
0208927c 00000004 b initial_env
02089280 00000400 b temp_cwd
02089680 00000004 b __hndl_lock
02089684 00000004 B fake_heap_start
02089688 00000004 B fake_heap_end
0208968c 00000004 b heap_start.0
02089690 b __heap_start_ntr
02089690 b __main_bss_end
020896a0 r __heap_start_twl
020896a0 ? __twl_bss_end
020896a0 ? __twl_end
020896a0 ? __twl_start
02400000 a __twl_lma
02400000 a __twl_loadlist_lma
02400000 a __twl_loadlist_start
0240000c a __twl_loadlist_end
02ff0000 ? __dtcm_end
02ff0000 ? __dtcm_start
02ff0000 00000080 B __irq_table
02ff0080 00000018 B __sched_state
02ff0098 b __dtcm_bss_end
02ff3e80 d __sp_usr
02ff3f80 a __sp_irq
02ff3fc0 a __sp_svc
02ff3ff8 a __irq_flags
0380b000 T __dldi_start
0e000800 00000198 T __ds9_bootstub
ffff0008 a __arm_excpt_svc
